[2026-07-15 22:04:29] === CALLBACK RECIBIDO ===
[2026-07-15 22:04:29] GET | {
    "order": "41",
    "payment": "40"
}
[2026-07-15 22:04:32] MEGAPAGOS getTransactionInfo | {
    "payment_type": "bank",
    "payment_method": "PSE",
    "amount": "300",
    "transaction_id": "pse-6580304178",
    "tiposolicitud_id": "5",
    "status": 1,
    "message": "Rechazada por banco",
    "externalDetails": {
        "payment_code": "5693963",
        "entity_franquise": "1022",
        "authorizationID": "12",
        "ticketId": 17841530372841,
        "payer_name": "Julian Clavijo",
        "payer_email": "prueba6@gmail.com",
        "serviceNIT": "9014063092",
        "serviceName": "Megapagos co sas"
    },
    "internalDetails": {
        "date_payment": "2026-07-15 17:03:57",
        "total_value": 300,
        "product": "Tarjetas de Regalo De \/ Para",
        "description_product": "Tarjetas de Regalo De \/ Para",
        "image_product": "",
        "quantity": 1,
        "unity_value": 200,
        "percentage": "0",
        "shipping_value": 100
    },
    "payerDetails": {
        "name": "Cliente Prueba",
        "email": "prueba6@gmail.com"
    },
    "comercialDetail": {
        "name": "Poder Down",
        "img": "https:\/\/qaapi.megapagos.co:50443\/api\/download\/comercios\/3264\/imagenes\/d19OuaV2orlfmOOShTxDtaXgWm6qT29xUZC4sHCx.jpg?signature=4754b8898919d3ef92a2b402ea6b2c734318fce133468ea0811112ec0f12b6dc",
        "email": "info@poderdown.com",
        "phone": "3137468039",
        "address": "Calle 43 sur 46a 56"
    }
}
[2026-07-15 22:04:32] STATUS DETECTADO: 1
[2026-07-15 22:04:32] STATUS NUMERICO: 1
[2026-07-15 22:05:05] === CALLBACK RECIBIDO ===
[2026-07-15 22:05:05] GET | {
    "order": "41",
    "payment": "40"
}
[2026-07-15 22:05:06] MEGAPAGOS getTransactionInfo | {
    "payment_type": "bank",
    "payment_method": "PSE",
    "amount": "300",
    "transaction_id": "pse-6580304178",
    "tiposolicitud_id": "5",
    "status": 1,
    "message": "Rechazada por banco",
    "externalDetails": {
        "payment_code": "5693963",
        "entity_franquise": "1022",
        "authorizationID": "12",
        "ticketId": 17841530372841,
        "payer_name": "Julian Clavijo",
        "payer_email": "prueba6@gmail.com",
        "serviceNIT": "9014063092",
        "serviceName": "Megapagos co sas"
    },
    "internalDetails": {
        "date_payment": "2026-07-15 17:03:57",
        "total_value": 300,
        "product": "Tarjetas de Regalo De \/ Para",
        "description_product": "Tarjetas de Regalo De \/ Para",
        "image_product": "",
        "quantity": 1,
        "unity_value": 200,
        "percentage": "0",
        "shipping_value": 100
    },
    "payerDetails": {
        "name": "Cliente Prueba",
        "email": "prueba6@gmail.com"
    },
    "comercialDetail": {
        "name": "Poder Down",
        "img": "https:\/\/qaapi.megapagos.co:50443\/api\/download\/comercios\/3264\/imagenes\/d19OuaV2orlfmOOShTxDtaXgWm6qT29xUZC4sHCx.jpg?signature=4754b8898919d3ef92a2b402ea6b2c734318fce133468ea0811112ec0f12b6dc",
        "email": "info@poderdown.com",
        "phone": "3137468039",
        "address": "Calle 43 sur 46a 56"
    }
}
[2026-07-15 22:05:06] STATUS DETECTADO: 1
[2026-07-15 22:05:06] STATUS NUMERICO: 1
[2026-07-15 22:20:40] === CALLBACK RECIBIDO ===
[2026-07-15 22:20:40] GET | {
    "order": "42",
    "payment": "41"
}
[2026-07-15 22:20:42] MEGAPAGOS getTransactionInfo | {
    "payment_type": "bank",
    "payment_method": "PSE",
    "amount": "300",
    "transaction_id": "pse-6580762341",
    "tiposolicitud_id": "5",
    "status": 9,
    "message": "Usuario abandonó transacción en PSE",
    "externalDetails": {
        "payment_code": "5694008",
        "entity_franquise": "1022",
        "authorizationID": "00020",
        "ticketId": 17841540226947,
        "payer_name": "Cliente Prueba",
        "payer_email": "juandidoc11@gmail.com",
        "serviceNIT": "9014063092",
        "serviceName": "Megapagos co sas"
    },
    "internalDetails": {
        "date_payment": "2026-07-15 17:20:22",
        "total_value": 300,
        "product": "Tarjetas de Regalo De \/ Para",
        "description_product": "Tarjetas de Regalo De \/ Para",
        "image_product": "",
        "quantity": 1,
        "unity_value": 200,
        "percentage": "0",
        "shipping_value": 100
    },
    "payerDetails": {
        "name": "Cliente Prueba",
        "email": "juandidoc11@gmail.com"
    },
    "comercialDetail": {
        "name": "Poder Down",
        "img": "https:\/\/qaapi.megapagos.co:50443\/api\/download\/comercios\/3264\/imagenes\/d19OuaV2orlfmOOShTxDtaXgWm6qT29xUZC4sHCx.jpg?signature=4754b8898919d3ef92a2b402ea6b2c734318fce133468ea0811112ec0f12b6dc",
        "email": "info@poderdown.com",
        "phone": "3137468039",
        "address": "Calle 43 sur 46a 56"
    }
}
[2026-07-15 22:20:42] STATUS DETECTADO: 9
[2026-07-15 22:20:42] STATUS NUMERICO: 9
[2026-07-15 22:25:31] === CALLBACK RECIBIDO ===
[2026-07-15 22:25:31] GET | {
    "order": "43",
    "payment": "42"
}
[2026-07-15 22:25:34] MEGAPAGOS getTransactionInfo | {
    "payment_type": "bank",
    "payment_method": "PSE",
    "amount": "300",
    "transaction_id": "pse-6580895317",
    "tiposolicitud_id": "5",
    "status": 1,
    "message": "Rechazada por banco",
    "externalDetails": {
        "payment_code": "5694015",
        "entity_franquise": "1022",
        "authorizationID": "12",
        "ticketId": 17841542671871,
        "payer_name": "Cliente Prueba",
        "payer_email": "juandidoc11@gmail.com",
        "serviceNIT": "9014063092",
        "serviceName": "Megapagos co sas"
    },
    "internalDetails": {
        "date_payment": "2026-07-15 17:24:27",
        "total_value": 300,
        "product": "Tarjetas de Regalo De \/ Para",
        "description_product": "Tarjetas de Regalo De \/ Para",
        "image_product": "",
        "quantity": 1,
        "unity_value": 200,
        "percentage": "0",
        "shipping_value": 100
    },
    "payerDetails": {
        "name": "Cliente Prueba",
        "email": "juandidoc11@gmail.com"
    },
    "comercialDetail": {
        "name": "Poder Down",
        "img": "https:\/\/qaapi.megapagos.co:50443\/api\/download\/comercios\/3264\/imagenes\/d19OuaV2orlfmOOShTxDtaXgWm6qT29xUZC4sHCx.jpg?signature=4754b8898919d3ef92a2b402ea6b2c734318fce133468ea0811112ec0f12b6dc",
        "email": "info@poderdown.com",
        "phone": "3137468039",
        "address": "Calle 43 sur 46a 56"
    }
}
[2026-07-15 22:25:34] STATUS DETECTADO: 1
[2026-07-15 22:25:34] STATUS NUMERICO: 1
[2026-07-15 22:25:34] EMAIL EXCEPTION: No se encontró configuración SMTP.
[2026-07-15 22:25:34] DB UPDATED: estado=approved
[2026-07-15 22:33:39] === CALLBACK RECIBIDO ===
[2026-07-15 22:33:39] GET | {
    "order": "44",
    "payment": "43"
}
[2026-07-15 22:33:42] MEGAPAGOS getTransactionInfo | {
    "payment_type": "bank",
    "payment_method": "PSE",
    "amount": "300",
    "transaction_id": "pse-6580468117",
    "tiposolicitud_id": "5",
    "status": 1,
    "message": "Rechazada por banco",
    "externalDetails": {
        "payment_code": "5694032",
        "entity_franquise": "1022",
        "authorizationID": "12",
        "ticketId": 17841547887586,
        "payer_name": "Cliente Prueba",
        "payer_email": "juandidoc11@gmail.com",
        "serviceNIT": "9014063092",
        "serviceName": "Megapagos co sas"
    },
    "internalDetails": {
        "date_payment": "2026-07-15 17:33:08",
        "total_value": 300,
        "product": "Tarjetas de Regalo De \/ Para",
        "description_product": "Tarjetas de Regalo De \/ Para",
        "image_product": "",
        "quantity": 1,
        "unity_value": 200,
        "percentage": "0",
        "shipping_value": 100
    },
    "payerDetails": {
        "name": "Cliente Prueba",
        "email": "juandidoc11@gmail.com"
    },
    "comercialDetail": {
        "name": "Poder Down",
        "img": "https:\/\/qaapi.megapagos.co:50443\/api\/download\/comercios\/3264\/imagenes\/d19OuaV2orlfmOOShTxDtaXgWm6qT29xUZC4sHCx.jpg?signature=4754b8898919d3ef92a2b402ea6b2c734318fce133468ea0811112ec0f12b6dc",
        "email": "info@poderdown.com",
        "phone": "3137468039",
        "address": "Calle 43 sur 46a 56"
    }
}
[2026-07-15 22:33:42] STATUS DETECTADO: 1
[2026-07-15 22:33:42] STATUS NUMERICO: 1
[2026-07-15 22:33:45] EMAIL: enviado
[2026-07-15 22:33:45] DB UPDATED: estado=approved
[2026-07-15 23:04:13] === CALLBACK RECIBIDO ===
[2026-07-15 23:04:13] GET | {
    "order": "48",
    "payment": "47"
}
[2026-07-15 23:04:16] MEGAPAGOS getTransactionInfo | {
    "payment_type": "bank",
    "payment_method": "PSE",
    "amount": "55100",
    "transaction_id": "pse-6581198081",
    "tiposolicitud_id": "5",
    "status": 1,
    "message": "Rechazada por banco",
    "externalDetails": {
        "payment_code": "5694120",
        "entity_franquise": "1022",
        "authorizationID": "12",
        "ticketId": 17841566061283,
        "payer_name": "Cliente Prueba",
        "payer_email": "juandidoc11@gmail.com",
        "serviceNIT": "9014063092",
        "serviceName": "Megapagos co sas"
    },
    "internalDetails": {
        "date_payment": "2026-07-15 18:03:26",
        "total_value": 55100,
        "product": "Pedido múltiple",
        "description_product": "Pedido múltiple: Camiseta Mandala x1, Cuaderno Trisomía 21 x1",
        "image_product": "",
        "quantity": 2,
        "unity_value": 27500,
        "percentage": "0",
        "shipping_value": 100
    },
    "payerDetails": {
        "name": "Cliente Prueba",
        "email": "juandidoc11@gmail.com"
    },
    "comercialDetail": {
        "name": "Poder Down",
        "img": "https:\/\/qaapi.megapagos.co:50443\/api\/download\/comercios\/3264\/imagenes\/d19OuaV2orlfmOOShTxDtaXgWm6qT29xUZC4sHCx.jpg?signature=4754b8898919d3ef92a2b402ea6b2c734318fce133468ea0811112ec0f12b6dc",
        "email": "info@poderdown.com",
        "phone": "3137468039",
        "address": "Calle 43 sur 46a 56"
    }
}
[2026-07-15 23:04:16] STATUS DETECTADO: 1
[2026-07-15 23:04:16] STATUS NUMERICO: 1
[2026-07-15 23:04:17] EMAIL: enviado
[2026-07-15 23:04:17] DB UPDATED: estado=approved
