[2026-07-10 00:00:06] MEGAPAGOS: login OK, idusuario: 2363
[2026-07-10 00:00:07] MEGAPAGOS: createPseTransaction payload (plain) | {
    "data": {
        "extraData": {
            "idusuario": "2363",
            "idtipooperacion": 5,
            "idtiposolicitud": 5,
            "linkcode": "-1",
            "solicitudenvio": "N",
            "externalurl": "http:\/\/localhost\/PODER-DOWN\/callback?order=15&payment=14"
        },
        "step1": {
            "name": "Tarjetas de Regalo De \/ Para",
            "description": "Tarjetas de Regalo De \/ Para",
            "value": 200,
            "in_stock": true,
            "idimpuesto": 21,
            "shipping_cost": 100,
            "requested_units": 1,
            "total_amount": 300,
            "payment_amount": 0
        },
        "step3": {
            "terms_and_conditions": true,
            "payment_method": "pse",
            "biller_name": "Cliente Prueba",
            "biller_email": "prueba6@gmail.com",
            "biller_address": "Diagonal 57 # 47 a 28",
            "payment_info": {
                "pse_bank": "1007",
                "pse_person_type": "person",
                "pse_document": "1001142067",
                "pse_name": "Cliente Prueba",
                "pse_phone": "310000000",
                "pse_document_type": "CedulaDeCiudadania"
            }
        }
    }
}
[2026-07-10 00:00:07] MEGAPAGOS: createPseTransaction numeric check | {
    "unit_price": 200,
    "quantity": 1,
    "shipping_cost": 100,
    "total_amount": 300,
    "expected_total": 300,
    "bank_code": "1007",
    "document_type": "CedulaDeCiudadania (raw: CC)"
}
[2026-07-10 00:00:07] MEGAPAGOS: encryptData OK
[2026-07-10 00:00:09] MEGAPAGOS: createPseTransaction OK | {
    "data": {
        "returnCode": "SUCCESS",
        "errorDetails": null,
        "trazabilityCode": "467830659",
        "pseURL": "https:\/\/registro.pse.com.co\/PSENF\/index.html?enc=n69wix5sr9%2bteonQRUZ9upQ3wiekeLmOyf3r4zkAPmA%3d",
        "transactionId": "MjIyMzI4"
    }
}
[2026-07-10 00:25:05] MEGAPAGOS: login OK, idusuario: 2363
[2026-07-10 00:25:18] MEGAPAGOS: login OK, idusuario: 2363
[2026-07-10 00:25:18] MEGAPAGOS: createPseTransaction payload (plain) | {
    "data": {
        "extraData": {
            "idusuario": "2363",
            "idtipooperacion": 5,
            "idtiposolicitud": 5,
            "linkcode": "-1",
            "solicitudenvio": "N",
            "externalurl": "http:\/\/localhost\/ECOMERCE-PODERDOWN\/callback?order=16&payment=15"
        },
        "step1": {
            "name": "Tarjetas de Regalo De \/ Para",
            "description": "Tarjetas de Regalo De \/ Para",
            "value": 200,
            "in_stock": true,
            "idimpuesto": 21,
            "shipping_cost": 100,
            "requested_units": 1,
            "total_amount": 300,
            "payment_amount": 0
        },
        "step3": {
            "terms_and_conditions": true,
            "payment_method": "pse",
            "biller_name": "Cliente Prueba",
            "biller_email": "prueba6@gmail.com",
            "biller_address": "Diagonal 57 # 47 a 28",
            "payment_info": {
                "pse_bank": "1007",
                "pse_person_type": "person",
                "pse_document": "1001142067",
                "pse_name": "Cliente Prueba",
                "pse_phone": "310000000",
                "pse_document_type": "CedulaDeCiudadania"
            }
        }
    }
}
[2026-07-10 00:25:18] MEGAPAGOS: createPseTransaction numeric check | {
    "unit_price": 200,
    "quantity": 1,
    "shipping_cost": 100,
    "total_amount": 300,
    "expected_total": 300,
    "bank_code": "1007",
    "document_type": "CedulaDeCiudadania (raw: CC)"
}
[2026-07-10 00:25:19] MEGAPAGOS: encryptData OK
[2026-07-10 00:25:24] MEGAPAGOS: createPseTransaction OK | {
    "data": {
        "returnCode": "SUCCESS",
        "errorDetails": null,
        "trazabilityCode": "467903442",
        "pseURL": "https:\/\/registro.pse.com.co\/PSENF\/index.html?enc=nmykw0LcCmaWVyUI9k%2f4SzUEpIZuPZRrzMqEe2mXjmQ%3d",
        "transactionId": "MjIyMzI5"
    }
}
[2026-07-10 00:26:30] MEGAPAGOS: login OK, idusuario: 2363
[2026-07-10 00:35:07] MEGAPAGOS: login OK, idusuario: 2363
[2026-07-10 00:35:24] MEGAPAGOS: login OK, idusuario: 2363
[2026-07-10 00:35:24] MEGAPAGOS: createPseTransaction payload (plain) | {
    "data": {
        "extraData": {
            "idusuario": "2363",
            "idtipooperacion": 5,
            "idtiposolicitud": 5,
            "linkcode": "-1",
            "solicitudenvio": "N",
            "externalurl": "http:\/\/localhost\/ECOMERCE-PODERDOWN\/callback?order=17&payment=16"
        },
        "step1": {
            "name": "Tarjetas de Regalo De \/ Para",
            "description": "Tarjetas de Regalo De \/ Para",
            "value": 200,
            "in_stock": true,
            "idimpuesto": 21,
            "shipping_cost": 100,
            "requested_units": 1,
            "total_amount": 300,
            "payment_amount": 0
        },
        "step3": {
            "terms_and_conditions": true,
            "payment_method": "pse",
            "biller_name": "Cliente Prueba",
            "biller_email": "prueba6@gmail.com",
            "biller_address": "Diagonal 57 # 47 a 28",
            "payment_info": {
                "pse_bank": "1007",
                "pse_person_type": "person",
                "pse_document": "1001142067",
                "pse_name": "Cliente Prueba",
                "pse_phone": "310000000",
                "pse_document_type": "CedulaDeCiudadania"
            }
        }
    }
}
[2026-07-10 00:35:24] MEGAPAGOS: createPseTransaction numeric check | {
    "unit_price": 200,
    "quantity": 1,
    "shipping_cost": 100,
    "total_amount": 300,
    "expected_total": 300,
    "bank_code": "1007",
    "document_type": "CedulaDeCiudadania (raw: CC)"
}
[2026-07-10 00:35:25] MEGAPAGOS: encryptData OK
[2026-07-10 00:35:27] MEGAPAGOS: createPseTransaction OK | {
    "data": {
        "returnCode": "SUCCESS",
        "errorDetails": null,
        "trazabilityCode": "467932774",
        "pseURL": "https:\/\/registro.pse.com.co\/PSENF\/index.html?enc=ybO31L6BzmdwAz2SbfohfJcE83ViHf4O7aFVULra248%3d",
        "transactionId": "MjIyMzMw"
    }
}
[2026-07-10 00:36:25] MEGAPAGOS: login OK, idusuario: 2363
[2026-07-10 00:36:25] MEGAPAGOS: getTransactionInfo for: MjIyMzMw
[2026-07-10 00:36:26] MEGAPAGOS: getTransactionInfo response: HTTP 404 | {
    "message": "No se encontró la URL especificada"
}
[2026-07-10 01:00:23] MEGAPAGOS: login OK, idusuario: 2363
[2026-07-10 01:00:36] MEGAPAGOS: login OK, idusuario: 2363
[2026-07-10 01:00:37] MEGAPAGOS: createPseTransaction payload (plain) | {
    "data": {
        "extraData": {
            "idusuario": "2363",
            "idtipooperacion": 5,
            "idtiposolicitud": 5,
            "linkcode": "-1",
            "solicitudenvio": "N",
            "externalurl": "http:\/\/localhost\/ECOMERCE-PODERDOWN\/callback?order=18&payment=17"
        },
        "step1": {
            "name": "Tarjetas de Regalo De \/ Para",
            "description": "Tarjetas de Regalo De \/ Para",
            "value": 200,
            "in_stock": true,
            "idimpuesto": 21,
            "shipping_cost": 100,
            "requested_units": 1,
            "total_amount": 300,
            "payment_amount": 0
        },
        "step3": {
            "terms_and_conditions": true,
            "payment_method": "pse",
            "biller_name": "Cliente Prueba",
            "biller_email": "prueba6@gmail.com",
            "biller_address": "Diagonal 57 # 47 a 28",
            "payment_info": {
                "pse_bank": "1007",
                "pse_person_type": "person",
                "pse_document": "1001142067",
                "pse_name": "Cliente Prueba",
                "pse_phone": "310000000",
                "pse_document_type": "CedulaDeCiudadania"
            }
        }
    }
}
[2026-07-10 01:00:37] MEGAPAGOS: createPseTransaction numeric check | {
    "unit_price": 200,
    "quantity": 1,
    "shipping_cost": 100,
    "total_amount": 300,
    "expected_total": 300,
    "bank_code": "1007",
    "document_type": "CedulaDeCiudadania (raw: CC)"
}
[2026-07-10 01:00:37] MEGAPAGOS: encryptData OK
[2026-07-10 01:00:39] MEGAPAGOS: createPseTransaction OK | {
    "data": {
        "returnCode": "SUCCESS",
        "errorDetails": null,
        "trazabilityCode": "468005490",
        "pseURL": "https:\/\/registro.pse.com.co\/PSENF\/index.html?enc=enqKiJufAaJk1ZWiQrHFcD5L9xCCFiInw0MfkjV1U10%3d",
        "transactionId": "MjIyMzMx"
    }
}
[2026-07-10 01:02:05] MEGAPAGOS: login OK, idusuario: 2363
[2026-07-10 01:02:05] MEGAPAGOS: getTransactionInfo for: MjIyMzMx
[2026-07-10 01:02:05] MEGAPAGOS: encryptData OK
[2026-07-10 01:02:05] MEGAPAGOS: getTransactionInfo encrypted id: eyJlbmNyeXB0ZWREYXRhIjoiZXlKMllXeDFaU0k2SWxaeVZXOXBVblIzWjFsVk9VTmpWR3gwTmxJemFtYzlQU0lzSW1sMklqb2lNMjE1TkU5cFJ6SlVVSEY0YUVOSlVUQTBiVlppUVQwOUluMD0iLCJlbmNyeXB0ZWRLZXkiOiJaek96dWQyR0VueFFqUk5pZE8rdFRqXC9UK3NzcHBnWEhnK0g2YzdOcjM3dlJoYjhhRkNBWnppMlc4WUIxWlM4S2pQTTd4MEkrelVmRFJsU1Y3YzJhdlR2RlF5eHJZVUIrcU5lVTU4TVdsSEx0OHFkRTRHdjliOW1UQzVLZDNqbUpjUE12UTMwRXVDYmFGQUxRK0FGUkZLZTBnWXRGNzZvemVIYURRWTNGclpselJVdmY3SWZSbUc3Yk0ybThmYnhSSUxBWmNFbnAyWWs0dkRhSVNRZDNlZDFhakI5cjZFbVFaYm83Q3Z0OGNZamNibGxVUXBSeVNuUDQxSVNrVDYxVUs3TVRMbVFzRlNvSXNDXC9jeHJwTWxtMjRuSFBYbHdGa3FDXC91M2FKMWVvVXdDSSt6T0J4MDRoeDYxQTdoVHNScFNpcWV3S3VsWU4zZnFFRnZTU2Y1N1E9PSJ9
[2026-07-10 01:02:06] MEGAPAGOS: getTransactionInfo response: HTTP 500 | {
    "message": "Server Error"
}
[2026-07-10 01:15:18] MEGAPAGOS: login OK, idusuario: 2363
[2026-07-10 01:15:32] MEGAPAGOS: login OK, idusuario: 2363
[2026-07-10 01:15:33] MEGAPAGOS: createPseTransaction payload (plain) | {
    "data": {
        "extraData": {
            "idusuario": "2363",
            "idtipooperacion": 5,
            "idtiposolicitud": 5,
            "linkcode": "-1",
            "solicitudenvio": "N",
            "externalurl": "http:\/\/localhost\/ECOMERCE-PODERDOWN\/callback?order=19&payment=18"
        },
        "step1": {
            "name": "Tarjetas de Regalo De \/ Para",
            "description": "Tarjetas de Regalo De \/ Para",
            "value": 200,
            "in_stock": true,
            "idimpuesto": 21,
            "shipping_cost": 100,
            "requested_units": 1,
            "total_amount": 300,
            "payment_amount": 0
        },
        "step3": {
            "terms_and_conditions": true,
            "payment_method": "pse",
            "biller_name": "Cliente Prueba",
            "biller_email": "prueba6@gmail.com",
            "biller_address": "Diagonal 57 # 47 a 28",
            "payment_info": {
                "pse_bank": "1007",
                "pse_person_type": "person",
                "pse_document": "1001142067",
                "pse_name": "Cliente Prueba",
                "pse_phone": "310000000",
                "pse_document_type": "CedulaDeCiudadania"
            }
        }
    }
}
[2026-07-10 01:15:33] MEGAPAGOS: createPseTransaction numeric check | {
    "unit_price": 200,
    "quantity": 1,
    "shipping_cost": 100,
    "total_amount": 300,
    "expected_total": 300,
    "bank_code": "1007",
    "document_type": "CedulaDeCiudadania (raw: CC)"
}
[2026-07-10 01:15:33] MEGAPAGOS: encryptData OK
[2026-07-10 01:15:35] MEGAPAGOS: createPseTransaction OK | {
    "data": {
        "returnCode": "SUCCESS",
        "errorDetails": null,
        "trazabilityCode": "468049591",
        "pseURL": "https:\/\/registro.pse.com.co\/PSENF\/index.html?enc=E16iGfejlXB4koQqGCLZioSVrsTB%2fAer0jk3z32bbp0%3d",
        "transactionId": "MjIyMzMz"
    }
}
[2026-07-10 01:16:40] MEGAPAGOS: login OK, idusuario: 2363
[2026-07-10 01:16:40] MEGAPAGOS: getTransactionInfo for: MjIyMzMz
[2026-07-10 01:16:40] MEGAPAGOS: getTransactionInfo encrypted (RSA): eyJlbmNyeXB0ZWRLZXkiOiJwUExQejhSRTNnVEkzWndnWktqOD...
[2026-07-10 01:16:40] MEGAPAGOS: getTransactionInfo payload | {
    "transactionId": "eyJlbmNyeXB0ZWRLZXkiOiJwUExQejhSRTNnVEkzWndnWktqODBqR3J5ZklSR1d1YTZ6QThTakFcLzJYNk5XUUUwQnlEeGhxNkd6VjNUaSs4cElxblplVnEzMXZqVUc1aGV2N1FJVmRnVFFYVWRzQjV5dklLZ2t4dUVzYzd3a0U2WkhZbDBabTQ0QzRjMDJXWFI2aTg2c1JjREJaS0hESHF6R0NXbWtHMlwvSTkxY3dJdUxtdjhIWmpLeHorbHVvMnF3M0tWXC94a1NkOWNWdVNBbEhnVVAzWG52SXZQcUV3eno5QlpRUWdGTmRDY2FYQzFqbXJRMVwvVEo0K3pwUUhObThMQmt1SmdUYXFndHBNeEI1cHVhUkdhWGlWTDU0eTVsbVRxNEJCVGxyME1PQyt0Q3NHZzE3Qm9cL2Q5eEtCMFQ4dklcL3YrQVc2XC9DcWxsMFIzeDh2RXpWZXN1dlpUc1NCNlF4S0ZseUxRPT0ifQ=="
}
[2026-07-10 01:16:40] MEGAPAGOS: getTransactionInfo response: HTTP 404 | {
    "message": "No se encontró la URL especificada"
}
[2026-07-10 03:21:08] MEGAPAGOS: login OK, idusuario: 2363
[2026-07-10 03:21:23] MEGAPAGOS: login OK, idusuario: 2363
[2026-07-10 03:21:33] MEGAPAGOS: login OK, idusuario: 2363
[2026-07-10 03:21:33] MEGAPAGOS: createPseTransaction payload (plain) | {
    "data": {
        "extraData": {
            "idusuario": "2363",
            "idtipooperacion": 5,
            "idtiposolicitud": 5,
            "linkcode": "-1",
            "solicitudenvio": "N",
            "externalurl": "http:\/\/localhost\/ECOMERCE-PODERDOWN\/callback?order=20&payment=19"
        },
        "step1": {
            "name": "Tarjetas de Regalo De \/ Para",
            "description": "Tarjetas de Regalo De \/ Para",
            "value": 200,
            "in_stock": true,
            "idimpuesto": 21,
            "shipping_cost": 100,
            "requested_units": 1,
            "total_amount": 300,
            "payment_amount": 0
        },
        "step3": {
            "terms_and_conditions": true,
            "payment_method": "pse",
            "biller_name": "Cliente Prueba",
            "biller_email": "prueba6@gmail.com",
            "biller_address": "Diagonal 57 # 47 a 28",
            "payment_info": {
                "pse_bank": "1007",
                "pse_person_type": "person",
                "pse_document": "1001142067",
                "pse_name": "Cliente Prueba",
                "pse_phone": "310000000",
                "pse_document_type": "CedulaDeCiudadania"
            }
        }
    }
}
[2026-07-10 03:21:33] MEGAPAGOS: createPseTransaction numeric check | {
    "unit_price": 200,
    "quantity": 1,
    "shipping_cost": 100,
    "total_amount": 300,
    "expected_total": 300,
    "bank_code": "1007",
    "document_type": "CedulaDeCiudadania (raw: CC)"
}
[2026-07-10 03:21:33] MEGAPAGOS: encryptData OK
[2026-07-10 03:21:36] MEGAPAGOS: createPseTransaction OK | {
    "data": {
        "returnCode": "SUCCESS",
        "errorDetails": null,
        "trazabilityCode": "468378846",
        "pseURL": "https:\/\/registro.pse.com.co\/PSENF\/index.html?enc=56rwCwuQI7tDSt1ktHJe%2fDskDUhVeXQdtVkROfP7PEo%3d",
        "transactionId": "MjIyMzM4"
    }
}
[2026-07-10 03:22:40] MEGAPAGOS: login OK, idusuario: 2363
[2026-07-10 03:22:40] MEGAPAGOS: getTransactionInfo for: MjIyMzM4
[2026-07-10 03:22:41] MEGAPAGOS: getTransactionInfo encrypted (RSA): eyJlbmNyeXB0ZWRLZXkiOiJQTGozdHlUaG16dzJFY2lFTG9nT0...
[2026-07-10 03:22:41] MEGAPAGOS: getTransactionInfo payload | {
    "transactionId": "eyJlbmNyeXB0ZWRLZXkiOiJQTGozdHlUaG16dzJFY2lFTG9nT0pXWWdoeWFyZXkrM21Qc2l1YitmaGZvSjRcL2hsa3dWSml5cW05M3lWalBUWlB3TGllaWwwNFlSdTFOQ3J2XC8zSTZDNmRSQzdBTHB5N2NNeStMNnU3b2NcLzZIQVVoRXI1ODIrNUhodWJjZUhicmVcL0R1SEFJZUtKRzJWSHpTR3N0bkhUZjhlMjZ1dk9lMUVqWUkrd2VSRFZvVnpicmplN2w1QmZZVHQ4ejdxSVwvS2NnNkZadmFzQ2srbVFWU2EzXC9NdU1nSjVcL2xUcW9aOHQ3ckluczRQdCsrWlZHUUtuZmVubTRWUnZGUHdxVFBzUjFOXC9GRHd4c1k5UUdLZG43VWU3a0sydUlBNys5NWJ3eStuNWRieXdQZWlmNWpLVU5vYjloYWNIQll1cFpQOTZOVlRpZmp3KytYa05yXC8zQzlodEdEOHc9PSJ9"
}
[2026-07-10 03:22:41] MEGAPAGOS: getTransactionInfo response: HTTP 404 | {
    "message": "No se encontró la URL especificada"
}
[2026-07-10 03:43:36] MEGAPAGOS: login OK, idusuario: 2363
[2026-07-10 03:43:46] MEGAPAGOS: login OK, idusuario: 2363
[2026-07-10 03:43:47] MEGAPAGOS: createPseTransaction payload (plain) | {
    "data": {
        "extraData": {
            "idusuario": "2363",
            "idtipooperacion": 5,
            "idtiposolicitud": 5,
            "linkcode": "-1",
            "solicitudenvio": "N",
            "externalurl": "http:\/\/localhost\/ECOMERCE-PODERDOWN\/callback?order=21&payment=20"
        },
        "step1": {
            "name": "Tarjetas de Regalo De \/ Para",
            "description": "Tarjetas de Regalo De \/ Para",
            "value": 200,
            "in_stock": true,
            "idimpuesto": 21,
            "shipping_cost": 100,
            "requested_units": 1,
            "total_amount": 300,
            "payment_amount": 0
        },
        "step3": {
            "terms_and_conditions": true,
            "payment_method": "pse",
            "biller_name": "Cliente Prueba",
            "biller_email": "prueba6@gmail.com",
            "biller_address": "Diagonal 57 # 47 a 28",
            "payment_info": {
                "pse_bank": "1007",
                "pse_person_type": "person",
                "pse_document": "1001142067",
                "pse_name": "Cliente Prueba",
                "pse_phone": "310000000",
                "pse_document_type": "CedulaDeCiudadania"
            }
        }
    }
}
[2026-07-10 03:43:47] MEGAPAGOS: createPseTransaction numeric check | {
    "unit_price": 200,
    "quantity": 1,
    "shipping_cost": 100,
    "total_amount": 300,
    "expected_total": 300,
    "bank_code": "1007",
    "document_type": "CedulaDeCiudadania (raw: CC)"
}
[2026-07-10 03:43:47] MEGAPAGOS: encryptData OK
[2026-07-10 03:43:55] MEGAPAGOS: createPseTransaction OK | {
    "data": {
        "returnCode": "SUCCESS",
        "errorDetails": null,
        "trazabilityCode": "468419652",
        "pseURL": "https:\/\/registro.pse.com.co\/PSENF\/index.html?enc=BlN6s1p7550xdKNE6QaokFTNV30yVlPYYC6EDlGmKRk%3d",
        "transactionId": "MjIyMzM5"
    }
}
[2026-07-10 03:44:21] MEGAPAGOS: login OK, idusuario: 2363
[2026-07-10 03:44:33] MEGAPAGOS: login OK, idusuario: 2363
[2026-07-10 03:44:33] MEGAPAGOS: createPseTransaction payload (plain) | {
    "data": {
        "extraData": {
            "idusuario": "2363",
            "idtipooperacion": 5,
            "idtiposolicitud": 5,
            "linkcode": "-1",
            "solicitudenvio": "N",
            "externalurl": "http:\/\/localhost\/ECOMERCE-PODERDOWN\/callback?order=22&payment=21"
        },
        "step1": {
            "name": "Tarjetas de Regalo De \/ Para",
            "description": "Tarjetas de Regalo De \/ Para",
            "value": 200,
            "in_stock": true,
            "idimpuesto": 21,
            "shipping_cost": 100,
            "requested_units": 1,
            "total_amount": 300,
            "payment_amount": 0
        },
        "step3": {
            "terms_and_conditions": true,
            "payment_method": "pse",
            "biller_name": "Cliente Prueba",
            "biller_email": "prueba6@gmail.com",
            "biller_address": "Diagonal 57 # 47 a 28",
            "payment_info": {
                "pse_bank": "1007",
                "pse_person_type": "person",
                "pse_document": "1001142067",
                "pse_name": "Cliente Prueba",
                "pse_phone": "310000000",
                "pse_document_type": "CedulaDeCiudadania"
            }
        }
    }
}
[2026-07-10 03:44:33] MEGAPAGOS: createPseTransaction numeric check | {
    "unit_price": 200,
    "quantity": 1,
    "shipping_cost": 100,
    "total_amount": 300,
    "expected_total": 300,
    "bank_code": "1007",
    "document_type": "CedulaDeCiudadania (raw: CC)"
}
[2026-07-10 03:44:34] MEGAPAGOS: encryptData OK
[2026-07-10 03:44:37] MEGAPAGOS: createPseTransaction OK | {
    "data": {
        "returnCode": "SUCCESS",
        "errorDetails": null,
        "trazabilityCode": "468420838",
        "pseURL": "https:\/\/registro.pse.com.co\/PSENF\/index.html?enc=VJyw4NOCGQhgde6uZQHPeaUNf2qqzkDTKKvgjG86nsY%3d",
        "transactionId": "MjIyMzQw"
    }
}
[2026-07-10 03:45:38] MEGAPAGOS: login OK, idusuario: 2363
[2026-07-10 03:45:38] MEGAPAGOS: getTransactionInfo for raw: MjIyMzQw
[2026-07-10 03:45:39] MEGAPAGOS: encryptData OK
[2026-07-10 03:45:39] MEGAPAGOS: getTransactionInfo encrypted: eyJlbmNyeXB0ZWREYXRhIjoiZXlKMllXeDFaU0k2SW1ncmFrcFRWbGR4YkV4...
[2026-07-10 03:45:39] MEGAPAGOS: getTransactionInfo response: HTTP 500 | {
    "message": "Server Error"
}
[2026-07-10 03:45:59] MEGAPAGOS: login OK, idusuario: 2363
[2026-07-10 03:45:59] MEGAPAGOS: getTransactionInfo for raw: MjIyMzQw
[2026-07-10 03:46:00] MEGAPAGOS: encryptData OK
[2026-07-10 03:46:00] MEGAPAGOS: getTransactionInfo encrypted: eyJlbmNyeXB0ZWREYXRhIjoiZXlKMllXeDFaU0k2SWt0d01UZEdZVk5hUTB4...
[2026-07-10 03:46:00] MEGAPAGOS: getTransactionInfo response: HTTP 500 | {
    "message": "Server Error"
}
[2026-07-10 03:50:15] MEGAPAGOS: login OK, idusuario: 2363
[2026-07-10 03:50:24] MEGAPAGOS: login OK, idusuario: 2363
[2026-07-10 03:50:25] MEGAPAGOS: createPseTransaction payload (plain) | {
    "data": {
        "extraData": {
            "idusuario": "2363",
            "idtipooperacion": 5,
            "idtiposolicitud": 5,
            "linkcode": "-1",
            "solicitudenvio": "N",
            "externalurl": "http:\/\/localhost\/ECOMERCE-PODERDOWN\/callback?order=23&payment=22"
        },
        "step1": {
            "name": "Tarjetas de Regalo De \/ Para",
            "description": "Tarjetas de Regalo De \/ Para",
            "value": 200,
            "in_stock": true,
            "idimpuesto": 21,
            "shipping_cost": 100,
            "requested_units": 1,
            "total_amount": 300,
            "payment_amount": 0
        },
        "step3": {
            "terms_and_conditions": true,
            "payment_method": "pse",
            "biller_name": "Cliente Prueba",
            "biller_email": "prueba6@gmail.com",
            "biller_address": "Diagonal 57 # 47 a 28",
            "payment_info": {
                "pse_bank": "1007",
                "pse_person_type": "person",
                "pse_document": "1001142067",
                "pse_name": "Cliente Prueba",
                "pse_phone": "310000000",
                "pse_document_type": "CedulaDeCiudadania"
            }
        }
    }
}
[2026-07-10 03:50:25] MEGAPAGOS: createPseTransaction numeric check | {
    "unit_price": 200,
    "quantity": 1,
    "shipping_cost": 100,
    "total_amount": 300,
    "expected_total": 300,
    "bank_code": "1007",
    "document_type": "CedulaDeCiudadania (raw: CC)"
}
[2026-07-10 03:50:25] MEGAPAGOS: encryptData OK
[2026-07-10 03:50:27] MEGAPAGOS: createPseTransaction OK | {
    "data": {
        "returnCode": "SUCCESS",
        "errorDetails": null,
        "trazabilityCode": "468430354",
        "pseURL": "https:\/\/registro.pse.com.co\/PSENF\/index.html?enc=JE8wy0ts4PFqo2zd4k6TtGTQCS4vucpwiEfvtt33Yvs%3d",
        "transactionId": "MjIyMzQx"
    }
}
[2026-07-10 03:51:59] MEGAPAGOS: login OK, idusuario: 2363
[2026-07-10 03:51:59] MEGAPAGOS: getTransactionInfo for raw: MjIyMzQx
[2026-07-10 03:52:00] MEGAPAGOS: encryptData OK
[2026-07-10 03:52:00] MEGAPAGOS: getTransactionInfo encryptedData: eyJlbmNyeXB0ZWREYXRhIjoiZXlKMllXeDFaU0k2SWpSMlJrOTBjbXd6VUhV...
[2026-07-10 03:52:00] MEGAPAGOS: getTransactionInfo encryptedKey: eyJlbmNyeXB0ZWRLZXkiOiJleUoyWVd4MVpTSTZJalIyUms5MGNtd3pVSFUy...
[2026-07-10 03:52:00] MEGAPAGOS: getTransactionInfo response: HTTP 404 | {
    "message": "No se encontró la URL especificada"
}
[2026-07-10 03:58:10] MEGAPAGOS: login OK, idusuario: 2363
[2026-07-10 03:58:10] MEGAPAGOS: getTransactionInfo for: MjIyMzQx
[2026-07-10 03:58:11] MEGAPAGOS: getTransactionInfo response: HTTP 404 | {
    "message": "No se encontró la URL especificada"
}
[2026-07-10 03:58:21] MEGAPAGOS: login OK, idusuario: 2363
[2026-07-10 03:58:30] MEGAPAGOS: login OK, idusuario: 2363
[2026-07-10 03:58:31] MEGAPAGOS: createPseTransaction payload (plain) | {
    "data": {
        "extraData": {
            "idusuario": "2363",
            "idtipooperacion": 5,
            "idtiposolicitud": 5,
            "linkcode": "-1",
            "solicitudenvio": "N",
            "externalurl": "http:\/\/localhost\/ECOMERCE-PODERDOWN\/callback?order=24&payment=23"
        },
        "step1": {
            "name": "Tarjetas de Regalo De \/ Para",
            "description": "Tarjetas de Regalo De \/ Para",
            "value": 200,
            "in_stock": true,
            "idimpuesto": 21,
            "shipping_cost": 100,
            "requested_units": 1,
            "total_amount": 300,
            "payment_amount": 0
        },
        "step3": {
            "terms_and_conditions": true,
            "payment_method": "pse",
            "biller_name": "Cliente Prueba",
            "biller_email": "prueba6@gmail.com",
            "biller_address": "Diagonal 57 # 47 a 28",
            "payment_info": {
                "pse_bank": "1007",
                "pse_person_type": "person",
                "pse_document": "1001142067",
                "pse_name": "Cliente Prueba",
                "pse_phone": "310000000",
                "pse_document_type": "CedulaDeCiudadania"
            }
        }
    }
}
[2026-07-10 03:58:31] MEGAPAGOS: createPseTransaction numeric check | {
    "unit_price": 200,
    "quantity": 1,
    "shipping_cost": 100,
    "total_amount": 300,
    "expected_total": 300,
    "bank_code": "1007",
    "document_type": "CedulaDeCiudadania (raw: CC)"
}
[2026-07-10 03:58:31] MEGAPAGOS: encryptData OK
[2026-07-10 03:58:33] MEGAPAGOS: createPseTransaction OK | {
    "data": {
        "returnCode": "SUCCESS",
        "errorDetails": null,
        "trazabilityCode": "468442694",
        "pseURL": "https:\/\/registro.pse.com.co\/PSENF\/index.html?enc=%2ftWluzcb5%2fZ2%2f6Ga2uT6ssmNt%2b7AB0yOuKT%2bkl%2b%2f4Pc%3d",
        "transactionId": "MjIyMzQy"
    }
}
[2026-07-10 03:59:30] MEGAPAGOS: login OK, idusuario: 2363
[2026-07-10 03:59:30] MEGAPAGOS: getTransactionInfo for: MjIyMzQy
[2026-07-10 03:59:30] MEGAPAGOS: getTransactionInfo response: HTTP 404 | {
    "message": "No se encontró la URL especificada"
}
[2026-07-10 20:57:42] MEGAPAGOS: login OK, idusuario: 3483
[2026-07-10 21:00:22] MEGAPAGOS: login OK, idusuario: 3483
[2026-07-10 21:01:01] MEGAPAGOS: login OK, idusuario: 3483
[2026-07-10 21:01:20] MEGAPAGOS: login OK, idusuario: 3483
[2026-07-10 21:01:20] MEGAPAGOS: createPseTransaction payload (plain) | {
    "data": {
        "extraData": {
            "idusuario": "3483",
            "idtipooperacion": 5,
            "idtiposolicitud": 5,
            "linkcode": "-1",
            "solicitudenvio": "N",
            "externalurl": "http:\/\/localhost\/ECOMERCE-PODERDOWN\/callback?order=25&payment=24"
        },
        "step1": {
            "name": "Tarjetas de Regalo De \/ Para",
            "description": "Tarjetas de Regalo De \/ Para",
            "value": 200,
            "in_stock": true,
            "idimpuesto": 21,
            "shipping_cost": 100,
            "requested_units": 1,
            "total_amount": 300,
            "payment_amount": 0
        },
        "step3": {
            "terms_and_conditions": true,
            "payment_method": "pse",
            "biller_name": "Cliente Prueba",
            "biller_email": "prueba6@gmail.com",
            "biller_address": "Diagonal 57 # 47 a 28",
            "payment_info": {
                "pse_bank": "1022",
                "pse_person_type": "person",
                "pse_document": "1001142067",
                "pse_name": "Cliente Prueba",
                "pse_phone": "310000000",
                "pse_document_type": "CedulaDeCiudadania"
            }
        }
    }
}
[2026-07-10 21:01:20] MEGAPAGOS: createPseTransaction numeric check | {
    "unit_price": 200,
    "quantity": 1,
    "shipping_cost": 100,
    "total_amount": 300,
    "expected_total": 300,
    "bank_code": "1022",
    "document_type": "CedulaDeCiudadania (raw: CC)"
}
[2026-07-10 21:01:21] MEGAPAGOS: encryptData OK
[2026-07-10 21:01:22] MEGAPAGOS: createPseTransaction OK | {
    "data": {
        "returnCode": "SUCCESS",
        "errorDetails": null,
        "trazabilityCode": "5682391",
        "pseURL": "https:\/\/registro.desarrollo.pse.com.co\/PSENF\/index.html?enc=f0dsoBRhcYoziJu6zgc9%2fE38dv1dKQHbTPxWEI72EWM%3d",
        "transactionId": "MTU4OTg="
    }
}
[2026-07-10 21:02:38] MEGAPAGOS: login OK, idusuario: 3483
[2026-07-10 21:02:38] MEGAPAGOS: getTransactionInfo raw: MTU4OTg=
[2026-07-10 21:02:38] MEGAPAGOS: getTransactionInfo decoded: 15898
[2026-07-10 21:02:38] MEGAPAGOS: encryptData OK
[2026-07-10 21:02:38] MEGAPAGOS: getTransactionInfo encrypted: eyJlbmNyeXB0ZWREYXRhIjoiZXlKMllXeDFaU0k2SWxCUWVWTldTRFZJTUdS...
[2026-07-10 21:02:41] MEGAPAGOS: getTransactionInfo response: HTTP 201 | {
    "payment_type": "bank",
    "payment_method": "PSE",
    "amount": "300",
    "transaction_id": "pse-6515125717",
    "tiposolicitud_id": "5",
    "status": 1,
    "message": "Rechazada por banco",
    "externalDetails": {
        "payment_code": "5682391",
        "entity_franquise": "1022",
        "authorizationID": "12",
        "ticketId": 17837172813592,
        "payer_name": "Julian Clavijo",
        "payer_email": "prueba6@gmail.com",
        "serviceNIT": "9014063092",
        "serviceName": "Megapagos co sas"
    },
    "internalDetails": {
        "date_payment": "2026-07-10 16:01:21",
        "total_value": 300,
        "product": "Tarjetas de Regalo De \/ Para",
        "description_product": "Tarjetas de Regalo De \/ Para",
        "image_product": "",
        "quantity": 1,
        "unity_value": 200,
        "percentage": "0",
        "shipping_value": 100
    },
    "payerDetails": {
        "name": "Cliente Prueba",
        "email": "prueba6@gmail.com"
    },
    "comercialDetail": {
        "name": "Poder Down",
        "img": "https:\/\/qaapi.megapagos.co:50443\/api\/download\/comercios\/3264\/imagenes\/d19OuaV2orlfmOOShTxDtaXgWm6qT29xUZC4sHCx.jpg?signature=4754b8898919d3ef92a2b402ea6b2c734318fce133468ea0811112ec0f12b6dc",
        "email": "info@poderdown.com",
        "phone": "3137468039",
        "address": "Calle 43 sur 46a 56"
    }
}
