[2026-07-16 19:02:28] MEGAPAGOS: login OK, idusuario: 3483
[2026-07-16 19:04:01] MEGAPAGOS: login OK, idusuario: 3483
[2026-07-16 19:04:01] MEGAPAGOS: createPseTransaction payload (plain) | {
    "data": {
        "extraData": {
            "idusuario": "3483",
            "idtipooperacion": 5,
            "idtiposolicitud": 5,
            "linkcode": "-1",
            "solicitudenvio": "N",
            "externalurl": "http:\/\/localhost\/ECOMERCE-PODERDOWN\/callback?order=50&payment=49"
        },
        "step1": {
            "name": "Tarjetas de Regalo De \/ Para",
            "description": "Tarjetas de Regalo De \/ Para",
            "value": 200,
            "in_stock": true,
            "idimpuesto": 21,
            "shipping_cost": 100,
            "requested_units": 1,
            "total_amount": 300,
            "payment_amount": 0
        },
        "step3": {
            "terms_and_conditions": true,
            "payment_method": "pse",
            "biller_name": "PRUEBA DE REGISTRO",
            "biller_email": "juandidoc11@gmail.com",
            "biller_address": "Diagonal 57 # 47 a 28",
            "payment_info": {
                "pse_bank": "1022",
                "pse_person_type": "person",
                "pse_document": "1001142067",
                "pse_name": "PRUEBA DE REGISTRO",
                "pse_phone": "3508284544",
                "pse_document_type": "CedulaDeCiudadania"
            }
        }
    }
}
[2026-07-16 19:04:01] MEGAPAGOS: createPseTransaction numeric check | {
    "unit_price": 200,
    "quantity": 1,
    "shipping_cost": 100,
    "total_amount": 300,
    "expected_total": 300,
    "bank_code": "1022",
    "document_type": "CedulaDeCiudadania (raw: CC)"
}
[2026-07-16 19:04:01] MEGAPAGOS: encryptData OK
[2026-07-16 19:04:02] MEGAPAGOS: createPseTransaction OK | {
    "data": {
        "returnCode": "SUCCESS",
        "errorDetails": null,
        "trazabilityCode": "5703209",
        "pseURL": "https:\/\/registro.desarrollo.pse.com.co\/PSENF\/index.html?enc=T9KZrmuA3vCKSnRFhNbgL8ji7shUbT3LV5UbncfEuag%3d",
        "transactionId": "MTU5ODA="
    }
}
[2026-07-16 19:04:27] MEGAPAGOS: login OK, idusuario: 3483
[2026-07-16 19:04:27] MEGAPAGOS: getTransactionInfo raw: MTU5ODA=
[2026-07-16 19:04:27] MEGAPAGOS: getTransactionInfo decoded: 15980
[2026-07-16 19:04:27] MEGAPAGOS: encryptData OK
[2026-07-16 19:04:27] MEGAPAGOS: getTransactionInfo encrypted: eyJlbmNyeXB0ZWREYXRhIjoiZXlKMllXeDFaU0k2SWtnMFYySjFURzU1VUhs...
[2026-07-16 19:04:29] MEGAPAGOS: getTransactionInfo response: HTTP 201 | {
    "payment_type": "bank",
    "payment_method": "PSE",
    "amount": "300",
    "transaction_id": "pse-6592221451",
    "tiposolicitud_id": "5",
    "status": 1,
    "message": "Rechazada por banco",
    "externalDetails": {
        "payment_code": "5703209",
        "entity_franquise": "1022",
        "authorizationID": "12",
        "ticketId": 17842286421530,
        "payer_name": "Cliente Prueba",
        "payer_email": "juandidoc11@gmail.com",
        "serviceNIT": "9014063092",
        "serviceName": "Megapagos co sas"
    },
    "internalDetails": {
        "date_payment": "2026-07-16 14:04:02",
        "total_value": 300,
        "product": "Tarjetas de Regalo De \/ Para",
        "description_product": "Tarjetas de Regalo De \/ Para",
        "image_product": "",
        "quantity": 1,
        "unity_value": 200,
        "percentage": "0",
        "shipping_value": 100
    },
    "payerDetails": {
        "name": "PRUEBA DE REGISTRO",
        "email": "juandidoc11@gmail.com"
    },
    "comercialDetail": {
        "name": "Poder Down",
        "img": "https:\/\/qaapi.megapagos.co:50443\/api\/download\/comercios\/3264\/imagenes\/d19OuaV2orlfmOOShTxDtaXgWm6qT29xUZC4sHCx.jpg?signature=4754b8898919d3ef92a2b402ea6b2c734318fce133468ea0811112ec0f12b6dc",
        "email": "info@poderdown.com",
        "phone": "3137468039",
        "address": "Calle 43 sur 46a 56"
    }
}
[2026-07-16 20:54:02] MEGAPAGOS: login OK, idusuario: 3483
[2026-07-16 20:54:02] MEGAPAGOS: getTransactionInfo raw: MTU5ODA=
[2026-07-16 20:54:02] MEGAPAGOS: getTransactionInfo decoded: 15980
[2026-07-16 20:54:02] MEGAPAGOS: encryptData OK
[2026-07-16 20:54:02] MEGAPAGOS: getTransactionInfo encrypted: eyJlbmNyeXB0ZWREYXRhIjoiZXlKMllXeDFaU0k2SWt4RlVHNU1hR28xU3pG...
[2026-07-16 20:54:03] MEGAPAGOS: getTransactionInfo response: HTTP 201 | {
    "payment_type": "bank",
    "payment_method": "PSE",
    "amount": "300",
    "transaction_id": "pse-6592221451",
    "tiposolicitud_id": "5",
    "status": 1,
    "message": "Rechazada por banco",
    "externalDetails": {
        "payment_code": "5703209",
        "entity_franquise": "1022",
        "authorizationID": "12",
        "ticketId": 17842286421530,
        "payer_name": "Cliente Prueba",
        "payer_email": "juandidoc11@gmail.com",
        "serviceNIT": "9014063092",
        "serviceName": "Megapagos co sas"
    },
    "internalDetails": {
        "date_payment": "2026-07-16 14:04:02",
        "total_value": 300,
        "product": "Tarjetas de Regalo De \/ Para",
        "description_product": "Tarjetas de Regalo De \/ Para",
        "image_product": "",
        "quantity": 1,
        "unity_value": 200,
        "percentage": "0",
        "shipping_value": 100
    },
    "payerDetails": {
        "name": "PRUEBA DE REGISTRO",
        "email": "juandidoc11@gmail.com"
    },
    "comercialDetail": {
        "name": "Poder Down",
        "img": "https:\/\/qaapi.megapagos.co:50443\/api\/download\/comercios\/3264\/imagenes\/d19OuaV2orlfmOOShTxDtaXgWm6qT29xUZC4sHCx.jpg?signature=4754b8898919d3ef92a2b402ea6b2c734318fce133468ea0811112ec0f12b6dc",
        "email": "info@poderdown.com",
        "phone": "3137468039",
        "address": "Calle 43 sur 46a 56"
    }
}
